// Jest Snapshot v1, https://goo.gl/fbAQLP

exports[`tests the FinderUI component matches the snapshot 1`] = `
<Connect(Children)>
  <HelpModal />
  <Finder />
  <ScrollToTop />
</Connect(Children)>
`;
